hello github!

///////


User@DESKTOP-8M5RT2P MINGW64 /c/workspace
$ ls
bootCampLocaliza/              estudo/      projetos/
bootstrap-5.0.2-dist/          javascript/  trabalhoDeConclusao/
contaGoogle-desenvolvedor.txt  my-app/

User@DESKTOP-8M5RT2P MINGW64 /c/workspace
$

User@DESKTOP-8M5RT2P MINGW64 /c/workspace
$ mkdir EstudoGit

User@DESKTOP-8M5RT2P MINGW64 /c/workspace
$ ls
EstudoGit/             contaGoogle-desenvolvedor.txt  my-app/
bootCampLocaliza/      estudo/                        projetos/
bootstrap-5.0.2-dist/  javascript/                    trabalhoDeConclusao/

User@DESKTOP-8M5RT2P MINGW64 /c/workspace
$ cd Estudo
EstudoGit/ estudo/

User@DESKTOP-8M5RT2P MINGW64 /c/workspace
$ cd EstudoGit

User@DESKTOP-8M5RT2P MINGW64 /c/workspace/EstudoGit
$ git init
Initialized empty Git repository in C:/workspace/EstudoGit/.git/

User@DESKTOP-8M5RT2P MINGW64 /c/workspace/EstudoGit (master)
$ ls

User@DESKTOP-8M5RT2P MINGW64 /c/workspace/EstudoGit (master)
$ ls -a
./  ../  .git/

User@DESKTOP-8M5RT2P MINGW64 /c/workspace/EstudoGit (master)
$ ls

User@DESKTOP-8M5RT2P MINGW64 /c/workspace/EstudoGit (master)
$ ls

User@DESKTOP-8M5RT2P MINGW64 /c/workspace/EstudoGit (master)
$ git config --global user.email "solarisdev23@gmail.com"

User@DESKTOP-8M5RT2P MINGW64 /c/workspace/EstudoGit (master)
$ git config --global user.name sdev23

User@DESKTOP-8M5RT2P MINGW64 /c/workspace/EstudoGit (master)
$ git add *

User@DESKTOP-8M5RT2P MINGW64 /c/workspace/EstudoGit (master)
$ git commit -m "commit inicial"
[master (root-commit) 0d7422f] commit inicial
 1 file changed, 1 insertion(+)
 create mode 100644 hello GitHub.txt

User@DESKTOP-8M5RT2P MINGW64 /c/workspace/EstudoGit (master)
$ git status
On branch master
nothing to commit, working tree clean

User@DESKTOP-8M5RT2P MINGW64 /c/workspace/EstudoGit (master)
$ mkdir TesteGitHub

User@DESKTOP-8M5RT2P MINGW64 /c/workspace/EstudoGit (master)
$ ls
 TesteGitHub/  'hello GitHub.txt'

User@DESKTOP-8M5RT2P MINGW64 /c/workspace/EstudoGit (master)
$ mv hello GitHub.txt ./
mv: cannot stat 'hello': No such file or directory
mv: cannot stat 'GitHub.txt': No such file or directory

User@DESKTOP-8M5RT2P MINGW64 /c/workspace/EstudoGit (master)
$ mv hello\ GitHub.txt ./

User@DESKTOP-8M5RT2P MINGW64 /c/workspace/EstudoGit (master)
$ mv hello\ GitHub.txt ./TesteGitHub

User@DESKTOP-8M5RT2P MINGW64 /c/workspace/EstudoGit (master)
$

User@DESKTOP-8M5RT2P MINGW64 /c/workspace/EstudoGit (master)
$ git status
On branch master
Changes not staged for commit:
  (use "git add/rm <file>..." to update what will be committed)
  (use "git restore <file>..." to discard changes in working directory)
        deleted:    hello GitHub.txt

Untracked files:
  (use "git add <file>..." to include in what will be committed)
        TesteGitHub/

no changes added to commit (use "git add" and/or "git commit -a")

User@DESKTOP-8M5RT2P MINGW64 /c/workspace/EstudoGit (master)
$ git add hello\ GitHub.txt TesteGitHub/

User@DESKTOP-8M5RT2P MINGW64 /c/workspace/EstudoGit (master)
$ git status
On branch master
Changes to be committed:
  (use "git restore --staged <file>..." to unstage)
        renamed:    hello GitHub.txt -> TesteGitHub/hello GitHub.txt


User@DESKTOP-8M5RT2P MINGW64 /c/workspace/EstudoGit (master)
$ git commit -m "Cria na pasta TesteGitHub, move arquivos para TesteGitHub"
[master 664d18f] Cria na pasta TesteGitHub, move arquivos para TesteGitHub
 1 file changed, 0 insertions(+), 0 deletions(-)
 rename hello GitHub.txt => TesteGitHub/hello GitHub.txt (100%)

User@DESKTOP-8M5RT2P MINGW64 /c/workspace/EstudoGit (master)
$ git status
On branch master
nothing to commit, working tree clean

User@DESKTOP-8M5RT2P MINGW64 /c/workspace/EstudoGit (master)
$ echo > README.md

User@DESKTOP-8M5RT2P MINGW64 /c/workspace/EstudoGit (master)
$ git status
On branch master
Untracked files:
  (use "git add <file>..." to include in what will be committed)
        README.md

nothing added to commit but untracked files present (use "git add" to track)

User@DESKTOP-8M5RT2P MINGW64 /c/workspace/EstudoGit (master)
$ git add *
warning: LF will be replaced by CRLF in README.md.
The file will have its original line endings in your working directory

User@DESKTOP-8M5RT2P MINGW64 /c/workspace/EstudoGit (master)
$ git status
On branch master
Changes to be committed:
  (use "git restore --staged <file>..." to unstage)
        new file:   README.md


User@DESKTOP-8M5RT2P MINGW64 /c/workspace/EstudoGit (master)
$ git commit -m "adiciona readme"
[master d9d298e] adiciona readme
 1 file changed, 1 insertion(+)
 create mode 100644 README.md

User@DESKTOP-8M5RT2P MINGW64 /c/workspace/EstudoGit (master)
$ git config --list
diff.astextplain.textconv=astextplain
filter.lfs.clean=git-lfs clean -- %f
filter.lfs.smudge=git-lfs smudge -- %f
filter.lfs.process=git-lfs filter-process
filter.lfs.required=true
http.sslbackend=openssl
http.sslcainfo=C:/Program Files/Git/mingw64/ssl/certs/ca-bundle.crt
core.autocrlf=true
core.fscache=true
core.symlinks=false
pull.rebase=false
credential.helper=manager-core
credential.https://dev.azure.com.usehttppath=true
init.defaultbranch=master
user.email=solarisdev23@gmail.com
user.name=sdev23
core.repositoryformatversion=0
core.filemode=false
core.bare=false
core.logallrefupdates=true
core.symlinks=false
core.ignorecase=true

User@DESKTOP-8M5RT2P MINGW64 /c/workspace/EstudoGit (master)
$ git config --global user.name FlavioCelestino

User@DESKTOP-8M5RT2P MINGW64 /c/workspace/EstudoGit (master)
$ git config --list
diff.astextplain.textconv=astextplain
filter.lfs.clean=git-lfs clean -- %f
filter.lfs.smudge=git-lfs smudge -- %f
filter.lfs.process=git-lfs filter-process
filter.lfs.required=true
http.sslbackend=openssl
http.sslcainfo=C:/Program Files/Git/mingw64/ssl/certs/ca-bundle.crt
core.autocrlf=true
core.fscache=true
core.symlinks=false
pull.rebase=false
credential.helper=manager-core
credential.https://dev.azure.com.usehttppath=true
init.defaultbranch=master
user.email=solarisdev23@gmail.com
user.name=FlavioCelestino
core.repositoryformatversion=0
core.filemode=false
core.bare=false
core.logallrefupdates=true
core.symlinks=false
core.ignorecase=true

User@DESKTOP-8M5RT2P MINGW64 /c/workspace/EstudoGit (master)
$ git remote add origin https://github.com/FlavioCelestino/EstudoGit.git

User@DESKTOP-8M5RT2P MINGW64 /c/workspace/EstudoGit (master)
$ git remote -v
origin  https://github.com/FlavioCelestino/EstudoGit.git (fetch)
origin  https://github.com/FlavioCelestino/EstudoGit.git (push)

User@DESKTOP-8M5RT2P MINGW64 /c/workspace/EstudoGit (master)
$ git status
On branch master
nothing to commit, working tree clean

User@DESKTOP-8M5RT2P MINGW64 /c/workspace/EstudoGit (master)
$ git push origin master
Enumerating objects: 8, done.
Counting objects: 100% (8/8), done.
Delta compression using up to 12 threads
Compressing objects: 100% (4/4), done.
Writing objects: 100% (8/8), 739 bytes | 369.00 KiB/s, done.
Total 8 (delta 0), reused 0 (delta 0), pack-reused 0
To https://github.com/FlavioCelestino/EstudoGit.git
 * [new branch]      master -> master

